
> safedrive-2-0@0.0.0 build
> tsc -b && vite build

src/pages/admin/AdminCarCatalogPage.tsx(7,29): error TS6133: 'CardHeader' is declared but its value is never read.
src/pages/admin/AdminCarCatalogPage.tsx(7,41): error TS6133: 'CardTitle' is declared but its value is never read.
src/pages/admin/AdminCarCatalogPage.tsx(161,114): error TS2322: Type 'string | null' is not assignable to type 'string'.
  Type 'null' is not assignable to type 'string'.
src/pages/admin/AdminCarCatalogPage.tsx(161,148): error TS2538: Type 'null' cannot be used as an index type.
src/pages/admin/AdminCarCatalogPage.tsx(174,114): error TS2322: Type 'string | null' is not assignable to type 'string'.
  Type 'null' is not assignable to type 'string'.
src/pages/admin/AdminUsersPage.tsx(7,16): error TS6133: 'CardContent' is declared but its value is never read.
src/pages/admin/AdminUsersPage.tsx(145,32): error TS2322: Type 'Dispatch<SetStateAction<string>>' is not assignable to type '(value: string | null, eventDetails: SelectRootChangeEventDetails) => void'.
  Types of parameters 'value' and 'value' are incompatible.
    Type 'string | null' is not assignable to type 'SetStateAction<string>'.
      Type 'null' is not assignable to type 'SetStateAction<string>'.
src/pages/BrowseCarsPage.tsx(87,40): error TS2322: Type 'Dispatch<SetStateAction<string>>' is not assignable to type '(value: string | null, eventDetails: SelectRootChangeEventDetails) => void'.
  Types of parameters 'value' and 'value' are incompatible.
    Type 'string | null' is not assignable to type 'SetStateAction<string>'.
      Type 'null' is not assignable to type 'SetStateAction<string>'.
src/pages/MyVehiclesPage.tsx(10,30): error TS6133: 'CheckCircle' is declared but its value is never read.
src/pages/MyVehiclesPage.tsx(10,43): error TS6133: 'Clock' is declared but its value is never read.
src/pages/MyVehiclesPage.tsx(10,50): error TS6133: 'XCircle' is declared but its value is never read.
src/pages/MyVehiclesPage.tsx(187,42): error TS2322: Type 'string | null' is not assignable to type 'string'.
  Type 'null' is not assignable to type 'string'.
src/pages/MyVehiclesPage.tsx(188,35): error TS2345: Argument of type 'string | null' is not assignable to parameter of type 'string'.
  Type 'null' is not assignable to type 'string'.
src/pages/MyVehiclesPage.tsx(203,92): error TS2322: Type 'string | null' is not assignable to type 'string'.
  Type 'null' is not assignable to type 'string'.
src/pages/NotificationsPage.tsx(37,32): error TS2345: Argument of type '{ id: string; user_id: string; title: string; message: string; type: string; read: boolean | null; link: string | null; created_at: string | null; }[]' is not assignable to parameter of type 'SetStateAction<Notification[]>'.
  Type '{ id: string; user_id: string; title: string; message: string; type: string; read: boolean | null; link: string | null; created_at: string | null; }[]' is not assignable to type 'Notification[]'.
    Type '{ id: string; user_id: string; title: string; message: string; type: string; read: boolean | null; link: string | null; created_at: string | null; }' is not assignable to type 'Notification'.
      Types of property 'read' are incompatible.
        Type 'boolean | null' is not assignable to type 'boolean'.
          Type 'null' is not assignable to type 'boolean'.
